TEX_ENV_COMBINE func=32776
TEX_ENV_COMBINE func=32775
