VERTEX_ATTRIB idx=0
MULTITEXCOORD4F stage=0
MULTITEXCOORD4F stage=1
MULTITEXCOORD4F stage=2
MULTITEXCOORD4F stage=3
COLOR4F
