LOAD_CONSTANT idx=0 1.0 0.0 0.0 1.0
TEX_ENV_COMBINE func=8448
