TEX_ENV_COMBINE func=34478
TEX_ENV_COMBINE func=8448
TEX_ENV_COMBINE func=34478
TEX_SAMPLE stage=0
TEX_ENV_COMBINE func=260
TEX_ENV_COMBINE func=34478
TEX_ENV_COMBINE func=34478
TEX_ENV_COMBINE func=34478
