TEX_SAMPLE stage=0
TEX_SAMPLE stage=1
TEX_SAMPLE stage=2
TEX_SAMPLE stage=3
TEX_ENV_COMBINE func=8448
TEX_ENV_COMBINE func=8448
TEX_ENV_COMBINE func=260
TEX_ENV_COMBINE func=8448
TEX_ENV_COMBINE func=260
