TEX_SAMPLE stage=0
TEX_SAMPLE stage=1
TEX_ENV_COMBINE func=34165
TEX_ENV_COMBINE func=8448
