TEX_MATRIX_MODE unit=1
TEX_MATRIX_LOAD unit=1 1.0 2.0 3.0 1.0
