TEX_SAMPLE stage=0
TEX_LOAD stage=1
TEX_COORD_COPY
TEX_KILL
TEX_ENV_COMBINE func=34023
