TEX_SAMPLE stage=0
TEX_SAMPLE stage=1
UNKNOWN
TEX_ENV_COMBINE func=8448
TEX_ENV_COMBINE func=8448
TEX_ENV_COMBINE func=260
